// Jest Snapshot v1, https://goo.gl/fbAQLP

exports[`<TextInput /> Should call redenr with label 1`] = `
<div>
  <div
    class="sc-bdvvtL iXMHdx"
  >
    <label
      class="sc-gsDKAQ iYacNX"
      for="FAKE"
    >
      FAKE
    </label>
    <input
      class="sc-dkPtRN iQffaK"
      name="FAKE"
      placeholder="FAKE"
      type="text"
      value=""
    />
  </div>
</div>
`;
