// Jest Snapshot v1, https://goo.gl/fbAQLP

exports[`<Menu /> should ... 1`] = `
<nav
  class="sc-bdvvtL joudpd"
>
  <a
    href="/"
  >
    List
  </a>
  <a
    href="/Create"
  >
    Create
  </a>
</nav>
`;
