// Jest Snapshot v1, https://goo.gl/fbAQLP

exports[`<List /> should ... 1`] = `
<div
  class="sc-bdvvtL"
>
  <h1>
    List
  </h1>
</div>
`;
